public class test {
  public static void main(String[] arg0) {
    int i1 = 1;
    int[] arr2 = new int[(i1 + 5)];
    String[] arr3 = new String[(i1 + i1)];
    String[] arr4 = { "hi", "bye" };
    int[] arr5 = { 1, 2, 3 };
    arr5[2] = 4;
    int i6 = arr5[0];
    int[][] arr7 = { { 1, 2 }, { 3, 4 }, { 5, 6 } };
    int[] arr8 = arr7[1];
    int i9 = arr7[0][1];
    int i10 = arr7[arr7[0][0]][arr5[(i9 + 1)]];
    return;
  }
}