public class constants {
  public static void main(String[] arg0) {
    int i1 = 0;
    int i2 = 1;
    int i3 = 2;
    int i4 = 3;
    int i5 = 4;
    int i6 = 5;
    float f7 = 0;
    float f8 = 1;
    float f9 = 2;
    double d10 = 0;
    double d12 = 1;
    long l14 = 0;
    long l16 = 1;
    double d18 = 179769313486231570000000000000000000000000000000000000000000000000000000000000000000000000000000000000000000000000000000000000000000000000000000000000000000000000000000000000000000000000000000000000000000000000000000000000000000000000000000000000000000000000000000000000000000000000000000000000000000000000000;
    long l20 = 9223372036854775807;
    int i22 = 4;
    int i23 = 4;
    int i24 = 4;
    int i25 = 0;
    int i26 = 1;
    return;
  }
}
